HAPPY
8yx1 (3)
8xy2 (3)
8xy3 (3)
8xy4 (1, 3, 4)
8xy5 (2,3,4)
8xy7 (2,3,4)

CARRY
8xy4 (1,2,3,4)
8xy5 (3,4)
8xy6 (3)
8xy7 (3,4)
8xye (3)

